<test>
  <FadeIn>
    <from>
      <AutomationList automation-id="fadein" id="162" default="0" min-yval="0" max-yval="2" interpolation-style="Linear" state="Off" style="Absolute">
      </AutomationList>
    </from>
    <to>
      <AutomationList automation-id="fadein" id="162" default="0" min-yval="0" max-yval="2" interpolation-style="Linear" state="Off" style="Absolute">
        <events>
            1 2
3 4

        </events>
      </AutomationList>
    </to>
  </FadeIn>
</test>
