<?xml version="1.0" encoding="UTF-8"?>
<test>
  <FadeIn>
    <from>
      <AutomationList automation-id="fadein" id="164" interpolation-style="Linear" time-domain="AudioTime" state="Off"/>
    </from>
    <to>
      <AutomationList automation-id="fadein" id="163" interpolation-style="Linear" time-domain="AudioTime" state="Off">
        <events>a1176 0.5
a3528 2
</events>
      </AutomationList>
    </to>
  </FadeIn>
</test>
